// Jest Snapshot v1, https://goo.gl/fbAQLP

exports[`leaderboard should render 1`] = `
<div>
  
            
  <table
    class="table"
  >
    
                
    <caption
      class="table__caption"
    >
      Leaders
    </caption>
    
                
    <colgroup>
      
                    
      <col
        class="table__col table__col--small"
      />
      
                    
      <col
        class="table__col"
      />
      
                    
      <col
        class="table__col"
      />
      
                
    </colgroup>
    
                
    <tbody
      class="table__table-body"
    >
      <tr
        class="table__row table__data-row"
      >
        
            
        <td
          class="table__data-cell"
        >
          1
        </td>
        
            
        <td
          class="table__data-cell"
        >
          Anna
        </td>
        
            
        <td
          class="table__data-cell"
        >
          1500000
        </td>
        
        
      </tr>
      <tr
        class="table__row table__data-row"
      >
        
            
        <td
          class="table__data-cell"
        >
          2
        </td>
        
            
        <td
          class="table__data-cell"
        >
          Aaron
        </td>
        
            
        <td
          class="table__data-cell"
        >
          140
        </td>
        
        
      </tr>
      <tr
        class="table__row table__data-row"
      >
        
            
        <td
          class="table__data-cell"
        >
          3
        </td>
        
            
        <td
          class="table__data-cell"
        >
          Ryan
        </td>
        
            
        <td
          class="table__data-cell"
        >
          42
        </td>
        
        
      </tr>
    </tbody>
    
            
  </table>
  
        
</div>
`;
